[02-Feb-2026 18:13:51 UTC] PHP Warning:  ini_set(): Session ini settings cannot be changed when a session is active in /home/anderson/Documentos/rd_watch_V2/PROYECTO/backend/config.php on line 29
[02-Feb-2026 18:13:51 UTC] PHP Warning:  ini_set(): Session ini settings cannot be changed when a session is active in /home/anderson/Documentos/rd_watch_V2/PROYECTO/backend/config.php on line 30
[02-Feb-2026 18:13:51 UTC] PHP Warning:  ini_set(): Session ini settings cannot be changed when a session is active in /home/anderson/Documentos/rd_watch_V2/PROYECTO/backend/config.php on line 31
[02-Feb-2026 18:13:51 UTC] PHP Warning:  ini_set(): Session ini settings cannot be changed when a session is active in /home/anderson/Documentos/rd_watch_V2/PROYECTO/backend/config.php on line 32
[02-Feb-2026 18:13:51 UTC] PHP Warning:  ini_set(): Session ini settings cannot be changed when a session is active in /home/anderson/Documentos/rd_watch_V2/PROYECTO/backend/config.php on line 33
[02-Feb-2026 18:13:51 UTC] PHP Warning:  ini_set(): Session ini settings cannot be changed when a session is active in /home/anderson/Documentos/rd_watch_V2/PROYECTO/backend/config.php on line 34
[02-Feb-2026 18:13:51 UTC] PHP Warning:  ini_set(): Session ini settings cannot be changed when a session is active in /home/anderson/Documentos/rd_watch_V2/PROYECTO/backend/config.php on line 29
[02-Feb-2026 18:13:51 UTC] PHP Warning:  ini_set(): Session ini settings cannot be changed when a session is active in /home/anderson/Documentos/rd_watch_V2/PROYECTO/backend/config.php on line 30
[02-Feb-2026 18:13:51 UTC] PHP Warning:  ini_set(): Session ini settings cannot be changed when a session is active in /home/anderson/Documentos/rd_watch_V2/PROYECTO/backend/config.php on line 31
[02-Feb-2026 18:13:51 UTC] PHP Warning:  ini_set(): Session ini settings cannot be changed when a session is active in /home/anderson/Documentos/rd_watch_V2/PROYECTO/backend/config.php on line 32
[02-Feb-2026 18:13:51 UTC] PHP Warning:  ini_set(): Session ini settings cannot be changed when a session is active in /home/anderson/Documentos/rd_watch_V2/PROYECTO/backend/config.php on line 33
[02-Feb-2026 18:13:51 UTC] PHP Warning:  ini_set(): Session ini settings cannot be changed when a session is active in /home/anderson/Documentos/rd_watch_V2/PROYECTO/backend/config.php on line 34
[02-Feb-2026 18:13:51 UTC] PHP Warning:  ini_set(): Session ini settings cannot be changed when a session is active in /home/anderson/Documentos/rd_watch_V2/PROYECTO/backend/config.php on line 29
[02-Feb-2026 18:13:51 UTC] PHP Warning:  ini_set(): Session ini settings cannot be changed when a session is active in /home/anderson/Documentos/rd_watch_V2/PROYECTO/backend/config.php on line 30
[02-Feb-2026 18:13:51 UTC] PHP Warning:  ini_set(): Session ini settings cannot be changed when a session is active in /home/anderson/Documentos/rd_watch_V2/PROYECTO/backend/config.php on line 31
[02-Feb-2026 18:13:51 UTC] PHP Warning:  ini_set(): Session ini settings cannot be changed when a session is active in /home/anderson/Documentos/rd_watch_V2/PROYECTO/backend/config.php on line 32
[02-Feb-2026 18:13:51 UTC] PHP Warning:  ini_set(): Session ini settings cannot be changed when a session is active in /home/anderson/Documentos/rd_watch_V2/PROYECTO/backend/config.php on line 33
[02-Feb-2026 18:13:51 UTC] PHP Warning:  ini_set(): Session ini settings cannot be changed when a session is active in /home/anderson/Documentos/rd_watch_V2/PROYECTO/backend/config.php on line 34
[02-Feb-2026 18:13:51 UTC] PHP Warning:  ini_set(): Session ini settings cannot be changed when a session is active in /home/anderson/Documentos/rd_watch_V2/PROYECTO/backend/config.php on line 29
[02-Feb-2026 18:13:51 UTC] PHP Warning:  ini_set(): Session ini settings cannot be changed when a session is active in /home/anderson/Documentos/rd_watch_V2/PROYECTO/backend/config.php on line 30
[02-Feb-2026 18:13:51 UTC] PHP Warning:  ini_set(): Session ini settings cannot be changed when a session is active in /home/anderson/Documentos/rd_watch_V2/PROYECTO/backend/config.php on line 31
[02-Feb-2026 18:13:51 UTC] PHP Warning:  ini_set(): Session ini settings cannot be changed when a session is active in /home/anderson/Documentos/rd_watch_V2/PROYECTO/backend/config.php on line 32
[02-Feb-2026 18:13:51 UTC] PHP Warning:  ini_set(): Session ini settings cannot be changed when a session is active in /home/anderson/Documentos/rd_watch_V2/PROYECTO/backend/config.php on line 33
[02-Feb-2026 18:13:51 UTC] PHP Warning:  ini_set(): Session ini settings cannot be changed when a session is active in /home/anderson/Documentos/rd_watch_V2/PROYECTO/backend/config.php on line 34
[02-Feb-2026 18:13:51 UTC] PHP Warning:  ini_set(): Session ini settings cannot be changed when a session is active in /home/anderson/Documentos/rd_watch_V2/PROYECTO/backend/config.php on line 29
[02-Feb-2026 18:13:51 UTC] PHP Warning:  ini_set(): Session ini settings cannot be changed when a session is active in /home/anderson/Documentos/rd_watch_V2/PROYECTO/backend/config.php on line 30
[02-Feb-2026 18:13:51 UTC] PHP Warning:  ini_set(): Session ini settings cannot be changed when a session is active in /home/anderson/Documentos/rd_watch_V2/PROYECTO/backend/config.php on line 31
[02-Feb-2026 18:13:51 UTC] PHP Warning:  ini_set(): Session ini settings cannot be changed when a session is active in /home/anderson/Documentos/rd_watch_V2/PROYECTO/backend/config.php on line 32
[02-Feb-2026 18:13:51 UTC] PHP Warning:  ini_set(): Session ini settings cannot be changed when a session is active in /home/anderson/Documentos/rd_watch_V2/PROYECTO/backend/config.php on line 33
[02-Feb-2026 18:13:51 UTC] PHP Warning:  ini_set(): Session ini settings cannot be changed when a session is active in /home/anderson/Documentos/rd_watch_V2/PROYECTO/backend/config.php on line 34
[02-Feb-2026 18:14:12 UTC] Attempting login for email: 'admin@rdwatch.com'
[02-Feb-2026 18:14:12 UTC] DB Return: {"status":"SUCCESS","message":"Usuario encontrado","ret_id_usuario":1,"ret_nombre":"Administrador","ret_email":"admin@rdwatch.com","ret_telefono":3115460069,"ret_direccion":"Calle 34 #18-40 local 107","ret_token":"Admin123!"}
[02-Feb-2026 18:14:12 UTC] Password verification failed for admin@rdwatch.com
[02-Feb-2026 18:15:08 UTC] Attempting login for email: 'admin@rdwatch.com'
[02-Feb-2026 18:15:08 UTC] DB Return: {"status":"SUCCESS","message":"Usuario encontrado","ret_id_usuario":1,"ret_nombre":"Administrador","ret_email":"admin@rdwatch.com","ret_telefono":3115460069,"ret_direccion":"Calle 34 #18-40 local 107","ret_token":"Admin123!"}
[02-Feb-2026 18:15:08 UTC] Password verification failed for admin@rdwatch.com
[02-Feb-2026 18:15:29 UTC] Attempting login for email: 'admiadmin@rdwatch.com'
[02-Feb-2026 18:15:29 UTC] DB Return: {"status":"ERROR","message":"Credenciales inv\u00e1lidas","ret_id_usuario":null,"ret_nombre":null,"ret_email":null,"ret_telefono":null,"ret_direccion":null,"ret_token":null}
[02-Feb-2026 18:16:02 UTC] Attempting login for email: 'admin@rdwatch.com'
[02-Feb-2026 18:16:02 UTC] DB Return: {"status":"SUCCESS","message":"Usuario encontrado","ret_id_usuario":1,"ret_nombre":"Administrador","ret_email":"admin@rdwatch.com","ret_telefono":3115460069,"ret_direccion":"Calle 34 #18-40 local 107","ret_token":"Admin123!"}
[02-Feb-2026 18:16:02 UTC] Password verification failed for admin@rdwatch.com
[02-Feb-2026 18:16:07 UTC] Attempting login for email: 'admin@rdwatch.com'
[02-Feb-2026 18:16:07 UTC] DB Return: {"status":"SUCCESS","message":"Usuario encontrado","ret_id_usuario":1,"ret_nombre":"Administrador","ret_email":"admin@rdwatch.com","ret_telefono":3115460069,"ret_direccion":"Calle 34 #18-40 local 107","ret_token":"Admin123!"}
[02-Feb-2026 18:16:07 UTC] Password verification failed for admin@rdwatch.com
[02-Feb-2026 20:01:39 UTC] Attempting login for email: 'admin@rdwatch.com'
[02-Feb-2026 20:01:39 UTC] DB Return: {"status":"SUCCESS","message":"Usuario encontrado","ret_id_usuario":1,"ret_nombre":"Administrador","ret_email":"admin@rdwatch.com","ret_telefono":3115460069,"ret_direccion":"Calle 34 #18-40 local 107","ret_token":"$2y$10$\/UAmqdamNyQ7KUJY0pxI1u5R8Od\/nA8c72hHd.eWnMfBJlsxiQv\/q"}
[02-Feb-2026 20:01:39 UTC] Login exitoso - Usuario ID: 1
[02-Feb-2026 20:02:12 UTC] Attempting login for email: 'admin@rdwatch.com'
[02-Feb-2026 20:02:12 UTC] DB Return: {"status":"SUCCESS","message":"Usuario encontrado","ret_id_usuario":1,"ret_nombre":"Administrador","ret_email":"admin@rdwatch.com","ret_telefono":3115460069,"ret_direccion":"Calle 34 #18-40 local 107","ret_token":"$2y$10$\/UAmqdamNyQ7KUJY0pxI1u5R8Od\/nA8c72hHd.eWnMfBJlsxiQv\/q"}
[02-Feb-2026 20:02:12 UTC] Password verification failed for admin@rdwatch.com
[02-Feb-2026 20:07:32 UTC] PHP Warning:  ini_set(): Session ini settings cannot be changed when a session is active in /home/anderson/Documentos/rd_watch_V2/PROYECTO/backend/config.php on line 29
[02-Feb-2026 20:07:32 UTC] PHP Warning:  ini_set(): Session ini settings cannot be changed when a session is active in /home/anderson/Documentos/rd_watch_V2/PROYECTO/backend/config.php on line 30
[02-Feb-2026 20:07:32 UTC] PHP Warning:  ini_set(): Session ini settings cannot be changed when a session is active in /home/anderson/Documentos/rd_watch_V2/PROYECTO/backend/config.php on line 31
[02-Feb-2026 20:07:32 UTC] PHP Warning:  ini_set(): Session ini settings cannot be changed when a session is active in /home/anderson/Documentos/rd_watch_V2/PROYECTO/backend/config.php on line 32
[02-Feb-2026 20:07:32 UTC] PHP Warning:  ini_set(): Session ini settings cannot be changed when a session is active in /home/anderson/Documentos/rd_watch_V2/PROYECTO/backend/config.php on line 33
[02-Feb-2026 20:07:32 UTC] PHP Warning:  ini_set(): Session ini settings cannot be changed when a session is active in /home/anderson/Documentos/rd_watch_V2/PROYECTO/backend/config.php on line 34
[02-Feb-2026 20:07:32 UTC] PHP Warning:  ini_set(): Session ini settings cannot be changed when a session is active in /home/anderson/Documentos/rd_watch_V2/PROYECTO/backend/config.php on line 29
[02-Feb-2026 20:07:32 UTC] PHP Warning:  ini_set(): Session ini settings cannot be changed when a session is active in /home/anderson/Documentos/rd_watch_V2/PROYECTO/backend/config.php on line 30
[02-Feb-2026 20:07:32 UTC] PHP Warning:  ini_set(): Session ini settings cannot be changed when a session is active in /home/anderson/Documentos/rd_watch_V2/PROYECTO/backend/config.php on line 31
[02-Feb-2026 20:07:32 UTC] PHP Warning:  ini_set(): Session ini settings cannot be changed when a session is active in /home/anderson/Documentos/rd_watch_V2/PROYECTO/backend/config.php on line 32
[02-Feb-2026 20:07:32 UTC] PHP Warning:  ini_set(): Session ini settings cannot be changed when a session is active in /home/anderson/Documentos/rd_watch_V2/PROYECTO/backend/config.php on line 33
[02-Feb-2026 20:07:32 UTC] PHP Warning:  ini_set(): Session ini settings cannot be changed when a session is active in /home/anderson/Documentos/rd_watch_V2/PROYECTO/backend/config.php on line 34
[02-Feb-2026 20:07:32 UTC] PHP Warning:  ini_set(): Session ini settings cannot be changed when a session is active in /home/anderson/Documentos/rd_watch_V2/PROYECTO/backend/config.php on line 29
[02-Feb-2026 20:07:32 UTC] PHP Warning:  ini_set(): Session ini settings cannot be changed when a session is active in /home/anderson/Documentos/rd_watch_V2/PROYECTO/backend/config.php on line 30
[02-Feb-2026 20:07:32 UTC] PHP Warning:  ini_set(): Session ini settings cannot be changed when a session is active in /home/anderson/Documentos/rd_watch_V2/PROYECTO/backend/config.php on line 31
[02-Feb-2026 20:07:32 UTC] PHP Warning:  ini_set(): Session ini settings cannot be changed when a session is active in /home/anderson/Documentos/rd_watch_V2/PROYECTO/backend/config.php on line 32
[02-Feb-2026 20:07:32 UTC] PHP Warning:  ini_set(): Session ini settings cannot be changed when a session is active in /home/anderson/Documentos/rd_watch_V2/PROYECTO/backend/config.php on line 33
[02-Feb-2026 20:07:32 UTC] PHP Warning:  ini_set(): Session ini settings cannot be changed when a session is active in /home/anderson/Documentos/rd_watch_V2/PROYECTO/backend/config.php on line 34
[02-Feb-2026 20:07:32 UTC] PHP Warning:  ini_set(): Session ini settings cannot be changed when a session is active in /home/anderson/Documentos/rd_watch_V2/PROYECTO/backend/config.php on line 29
[02-Feb-2026 20:07:32 UTC] PHP Warning:  ini_set(): Session ini settings cannot be changed when a session is active in /home/anderson/Documentos/rd_watch_V2/PROYECTO/backend/config.php on line 30
[02-Feb-2026 20:07:32 UTC] PHP Warning:  ini_set(): Session ini settings cannot be changed when a session is active in /home/anderson/Documentos/rd_watch_V2/PROYECTO/backend/config.php on line 31
[02-Feb-2026 20:07:32 UTC] PHP Warning:  ini_set(): Session ini settings cannot be changed when a session is active in /home/anderson/Documentos/rd_watch_V2/PROYECTO/backend/config.php on line 32
[02-Feb-2026 20:07:32 UTC] PHP Warning:  ini_set(): Session ini settings cannot be changed when a session is active in /home/anderson/Documentos/rd_watch_V2/PROYECTO/backend/config.php on line 33
[02-Feb-2026 20:07:32 UTC] PHP Warning:  ini_set(): Session ini settings cannot be changed when a session is active in /home/anderson/Documentos/rd_watch_V2/PROYECTO/backend/config.php on line 34
[02-Feb-2026 20:07:32 UTC] PHP Warning:  ini_set(): Session ini settings cannot be changed when a session is active in /home/anderson/Documentos/rd_watch_V2/PROYECTO/backend/config.php on line 29
[02-Feb-2026 20:07:32 UTC] PHP Warning:  ini_set(): Session ini settings cannot be changed when a session is active in /home/anderson/Documentos/rd_watch_V2/PROYECTO/backend/config.php on line 30
[02-Feb-2026 20:07:32 UTC] PHP Warning:  ini_set(): Session ini settings cannot be changed when a session is active in /home/anderson/Documentos/rd_watch_V2/PROYECTO/backend/config.php on line 31
[02-Feb-2026 20:07:32 UTC] PHP Warning:  ini_set(): Session ini settings cannot be changed when a session is active in /home/anderson/Documentos/rd_watch_V2/PROYECTO/backend/config.php on line 32
[02-Feb-2026 20:07:32 UTC] PHP Warning:  ini_set(): Session ini settings cannot be changed when a session is active in /home/anderson/Documentos/rd_watch_V2/PROYECTO/backend/config.php on line 33
[02-Feb-2026 20:07:32 UTC] PHP Warning:  ini_set(): Session ini settings cannot be changed when a session is active in /home/anderson/Documentos/rd_watch_V2/PROYECTO/backend/config.php on line 34
[02-Feb-2026 20:07:51 UTC] Attempting login for email: 'admin@rdwatch.com'
[02-Feb-2026 20:07:51 UTC] DB Return: {"status":"SUCCESS","message":"Usuario encontrado","ret_id_usuario":1,"ret_nombre":"Administrador","ret_email":"admin@rdwatch.com","ret_telefono":3115460069,"ret_direccion":"Calle 34 #18-40 local 107","ret_token":"$2y$10$\/UAmqdamNyQ7KUJY0pxI1u5R8Od\/nA8c72hHd.eWnMfBJlsxiQv\/q"}
[02-Feb-2026 20:07:51 UTC] Login exitoso - Usuario ID: 1
[02-Feb-2026 20:07:53 UTC] PHP Warning:  ini_set(): Session ini settings cannot be changed when a session is active in /home/anderson/Documentos/rd_watch_V2/PROYECTO/backend/config.php on line 29
[02-Feb-2026 20:07:53 UTC] PHP Warning:  ini_set(): Session ini settings cannot be changed when a session is active in /home/anderson/Documentos/rd_watch_V2/PROYECTO/backend/config.php on line 30
[02-Feb-2026 20:07:53 UTC] PHP Warning:  ini_set(): Session ini settings cannot be changed when a session is active in /home/anderson/Documentos/rd_watch_V2/PROYECTO/backend/config.php on line 31
[02-Feb-2026 20:07:53 UTC] PHP Warning:  ini_set(): Session ini settings cannot be changed when a session is active in /home/anderson/Documentos/rd_watch_V2/PROYECTO/backend/config.php on line 32
[02-Feb-2026 20:07:53 UTC] PHP Warning:  ini_set(): Session ini settings cannot be changed when a session is active in /home/anderson/Documentos/rd_watch_V2/PROYECTO/backend/config.php on line 33
[02-Feb-2026 20:07:53 UTC] PHP Warning:  ini_set(): Session ini settings cannot be changed when a session is active in /home/anderson/Documentos/rd_watch_V2/PROYECTO/backend/config.php on line 34
[02-Feb-2026 20:07:53 UTC] PHP Warning:  ini_set(): Session ini settings cannot be changed when a session is active in /home/anderson/Documentos/rd_watch_V2/PROYECTO/backend/config.php on line 29
[02-Feb-2026 20:07:53 UTC] PHP Warning:  ini_set(): Session ini settings cannot be changed when a session is active in /home/anderson/Documentos/rd_watch_V2/PROYECTO/backend/config.php on line 30
[02-Feb-2026 20:07:53 UTC] PHP Warning:  ini_set(): Session ini settings cannot be changed when a session is active in /home/anderson/Documentos/rd_watch_V2/PROYECTO/backend/config.php on line 31
[02-Feb-2026 20:07:53 UTC] PHP Warning:  ini_set(): Session ini settings cannot be changed when a session is active in /home/anderson/Documentos/rd_watch_V2/PROYECTO/backend/config.php on line 32
[02-Feb-2026 20:07:53 UTC] PHP Warning:  ini_set(): Session ini settings cannot be changed when a session is active in /home/anderson/Documentos/rd_watch_V2/PROYECTO/backend/config.php on line 33
[02-Feb-2026 20:07:53 UTC] PHP Warning:  ini_set(): Session ini settings cannot be changed when a session is active in /home/anderson/Documentos/rd_watch_V2/PROYECTO/backend/config.php on line 34
[02-Feb-2026 20:07:53 UTC] PHP Warning:  ini_set(): Session ini settings cannot be changed when a session is active in /home/anderson/Documentos/rd_watch_V2/PROYECTO/backend/config.php on line 29
[02-Feb-2026 20:07:53 UTC] PHP Warning:  ini_set(): Session ini settings cannot be changed when a session is active in /home/anderson/Documentos/rd_watch_V2/PROYECTO/backend/config.php on line 30
[02-Feb-2026 20:07:53 UTC] PHP Warning:  ini_set(): Session ini settings cannot be changed when a session is active in /home/anderson/Documentos/rd_watch_V2/PROYECTO/backend/config.php on line 31
[02-Feb-2026 20:07:53 UTC] PHP Warning:  ini_set(): Session ini settings cannot be changed when a session is active in /home/anderson/Documentos/rd_watch_V2/PROYECTO/backend/config.php on line 32
[02-Feb-2026 20:07:53 UTC] PHP Warning:  ini_set(): Session ini settings cannot be changed when a session is active in /home/anderson/Documentos/rd_watch_V2/PROYECTO/backend/config.php on line 33
[02-Feb-2026 20:07:53 UTC] PHP Warning:  ini_set(): Session ini settings cannot be changed when a session is active in /home/anderson/Documentos/rd_watch_V2/PROYECTO/backend/config.php on line 34
[02-Feb-2026 20:07:53 UTC] PHP Warning:  ini_set(): Session ini settings cannot be changed when a session is active in /home/anderson/Documentos/rd_watch_V2/PROYECTO/backend/config.php on line 29
[02-Feb-2026 20:07:53 UTC] PHP Warning:  ini_set(): Session ini settings cannot be changed when a session is active in /home/anderson/Documentos/rd_watch_V2/PROYECTO/backend/config.php on line 30
[02-Feb-2026 20:07:53 UTC] PHP Warning:  ini_set(): Session ini settings cannot be changed when a session is active in /home/anderson/Documentos/rd_watch_V2/PROYECTO/backend/config.php on line 31
[02-Feb-2026 20:07:53 UTC] PHP Warning:  ini_set(): Session ini settings cannot be changed when a session is active in /home/anderson/Documentos/rd_watch_V2/PROYECTO/backend/config.php on line 32
[02-Feb-2026 20:07:53 UTC] PHP Warning:  ini_set(): Session ini settings cannot be changed when a session is active in /home/anderson/Documentos/rd_watch_V2/PROYECTO/backend/config.php on line 33
[02-Feb-2026 20:07:53 UTC] PHP Warning:  ini_set(): Session ini settings cannot be changed when a session is active in /home/anderson/Documentos/rd_watch_V2/PROYECTO/backend/config.php on line 34
[02-Feb-2026 20:07:53 UTC] PHP Warning:  ini_set(): Session ini settings cannot be changed when a session is active in /home/anderson/Documentos/rd_watch_V2/PROYECTO/backend/config.php on line 29
[02-Feb-2026 20:07:53 UTC] PHP Warning:  ini_set(): Session ini settings cannot be changed when a session is active in /home/anderson/Documentos/rd_watch_V2/PROYECTO/backend/config.php on line 30
[02-Feb-2026 20:07:53 UTC] PHP Warning:  ini_set(): Session ini settings cannot be changed when a session is active in /home/anderson/Documentos/rd_watch_V2/PROYECTO/backend/config.php on line 31
[02-Feb-2026 20:07:53 UTC] PHP Warning:  ini_set(): Session ini settings cannot be changed when a session is active in /home/anderson/Documentos/rd_watch_V2/PROYECTO/backend/config.php on line 32
[02-Feb-2026 20:07:53 UTC] PHP Warning:  ini_set(): Session ini settings cannot be changed when a session is active in /home/anderson/Documentos/rd_watch_V2/PROYECTO/backend/config.php on line 33
[02-Feb-2026 20:07:53 UTC] PHP Warning:  ini_set(): Session ini settings cannot be changed when a session is active in /home/anderson/Documentos/rd_watch_V2/PROYECTO/backend/config.php on line 34
[02-Feb-2026 20:07:53 UTC] PHP Warning:  ini_set(): Session ini settings cannot be changed when a session is active in /home/anderson/Documentos/rd_watch_V2/PROYECTO/backend/config.php on line 29
[02-Feb-2026 20:07:53 UTC] PHP Warning:  ini_set(): Session ini settings cannot be changed when a session is active in /home/anderson/Documentos/rd_watch_V2/PROYECTO/backend/config.php on line 30
[02-Feb-2026 20:07:53 UTC] PHP Warning:  ini_set(): Session ini settings cannot be changed when a session is active in /home/anderson/Documentos/rd_watch_V2/PROYECTO/backend/config.php on line 31
[02-Feb-2026 20:07:53 UTC] PHP Warning:  ini_set(): Session ini settings cannot be changed when a session is active in /home/anderson/Documentos/rd_watch_V2/PROYECTO/backend/config.php on line 32
[02-Feb-2026 20:07:53 UTC] PHP Warning:  ini_set(): Session ini settings cannot be changed when a session is active in /home/anderson/Documentos/rd_watch_V2/PROYECTO/backend/config.php on line 33
[02-Feb-2026 20:07:53 UTC] PHP Warning:  ini_set(): Session ini settings cannot be changed when a session is active in /home/anderson/Documentos/rd_watch_V2/PROYECTO/backend/config.php on line 34
[02-Feb-2026 20:07:53 UTC] PHP Warning:  ini_set(): Session ini settings cannot be changed when a session is active in /home/anderson/Documentos/rd_watch_V2/PROYECTO/backend/config.php on line 29
[02-Feb-2026 20:07:53 UTC] PHP Warning:  ini_set(): Session ini settings cannot be changed when a session is active in /home/anderson/Documentos/rd_watch_V2/PROYECTO/backend/config.php on line 30
[02-Feb-2026 20:07:53 UTC] PHP Warning:  ini_set(): Session ini settings cannot be changed when a session is active in /home/anderson/Documentos/rd_watch_V2/PROYECTO/backend/config.php on line 31
[02-Feb-2026 20:07:53 UTC] PHP Warning:  ini_set(): Session ini settings cannot be changed when a session is active in /home/anderson/Documentos/rd_watch_V2/PROYECTO/backend/config.php on line 32
[02-Feb-2026 20:07:53 UTC] PHP Warning:  ini_set(): Session ini settings cannot be changed when a session is active in /home/anderson/Documentos/rd_watch_V2/PROYECTO/backend/config.php on line 33
[02-Feb-2026 20:07:53 UTC] PHP Warning:  ini_set(): Session ini settings cannot be changed when a session is active in /home/anderson/Documentos/rd_watch_V2/PROYECTO/backend/config.php on line 34
[02-Feb-2026 20:07:53 UTC] PHP Warning:  ini_set(): Session ini settings cannot be changed when a session is active in /home/anderson/Documentos/rd_watch_V2/PROYECTO/backend/config.php on line 29
[02-Feb-2026 20:07:53 UTC] PHP Warning:  ini_set(): Session ini settings cannot be changed when a session is active in /home/anderson/Documentos/rd_watch_V2/PROYECTO/backend/config.php on line 30
[02-Feb-2026 20:07:53 UTC] PHP Warning:  ini_set(): Session ini settings cannot be changed when a session is active in /home/anderson/Documentos/rd_watch_V2/PROYECTO/backend/config.php on line 31
[02-Feb-2026 20:07:53 UTC] PHP Warning:  ini_set(): Session ini settings cannot be changed when a session is active in /home/anderson/Documentos/rd_watch_V2/PROYECTO/backend/config.php on line 32
[02-Feb-2026 20:07:53 UTC] PHP Warning:  ini_set(): Session ini settings cannot be changed when a session is active in /home/anderson/Documentos/rd_watch_V2/PROYECTO/backend/config.php on line 33
[02-Feb-2026 20:07:53 UTC] PHP Warning:  ini_set(): Session ini settings cannot be changed when a session is active in /home/anderson/Documentos/rd_watch_V2/PROYECTO/backend/config.php on line 34
[02-Feb-2026 20:07:53 UTC] PHP Warning:  ini_set(): Session ini settings cannot be changed when a session is active in /home/anderson/Documentos/rd_watch_V2/PROYECTO/backend/config.php on line 29
[02-Feb-2026 20:07:53 UTC] PHP Warning:  ini_set(): Session ini settings cannot be changed when a session is active in /home/anderson/Documentos/rd_watch_V2/PROYECTO/backend/config.php on line 30
[02-Feb-2026 20:07:53 UTC] PHP Warning:  ini_set(): Session ini settings cannot be changed when a session is active in /home/anderson/Documentos/rd_watch_V2/PROYECTO/backend/config.php on line 31
[02-Feb-2026 20:07:53 UTC] PHP Warning:  ini_set(): Session ini settings cannot be changed when a session is active in /home/anderson/Documentos/rd_watch_V2/PROYECTO/backend/config.php on line 32
[02-Feb-2026 20:07:53 UTC] PHP Warning:  ini_set(): Session ini settings cannot be changed when a session is active in /home/anderson/Documentos/rd_watch_V2/PROYECTO/backend/config.php on line 33
[02-Feb-2026 20:07:53 UTC] PHP Warning:  ini_set(): Session ini settings cannot be changed when a session is active in /home/anderson/Documentos/rd_watch_V2/PROYECTO/backend/config.php on line 34
[02-Feb-2026 20:07:53 UTC] PHP Warning:  ini_set(): Session ini settings cannot be changed when a session is active in /home/anderson/Documentos/rd_watch_V2/PROYECTO/backend/config.php on line 29
[02-Feb-2026 20:07:53 UTC] PHP Warning:  ini_set(): Session ini settings cannot be changed when a session is active in /home/anderson/Documentos/rd_watch_V2/PROYECTO/backend/config.php on line 30
[02-Feb-2026 20:07:53 UTC] PHP Warning:  ini_set(): Session ini settings cannot be changed when a session is active in /home/anderson/Documentos/rd_watch_V2/PROYECTO/backend/config.php on line 31
[02-Feb-2026 20:07:53 UTC] PHP Warning:  ini_set(): Session ini settings cannot be changed when a session is active in /home/anderson/Documentos/rd_watch_V2/PROYECTO/backend/config.php on line 32
[02-Feb-2026 20:07:53 UTC] PHP Warning:  ini_set(): Session ini settings cannot be changed when a session is active in /home/anderson/Documentos/rd_watch_V2/PROYECTO/backend/config.php on line 33
[02-Feb-2026 20:07:53 UTC] PHP Warning:  ini_set(): Session ini settings cannot be changed when a session is active in /home/anderson/Documentos/rd_watch_V2/PROYECTO/backend/config.php on line 34
[02-Feb-2026 20:07:53 UTC] PHP Warning:  ini_set(): Session ini settings cannot be changed when a session is active in /home/anderson/Documentos/rd_watch_V2/PROYECTO/backend/config.php on line 29
[02-Feb-2026 20:07:53 UTC] PHP Warning:  ini_set(): Session ini settings cannot be changed when a session is active in /home/anderson/Documentos/rd_watch_V2/PROYECTO/backend/config.php on line 30
[02-Feb-2026 20:07:53 UTC] PHP Warning:  ini_set(): Session ini settings cannot be changed when a session is active in /home/anderson/Documentos/rd_watch_V2/PROYECTO/backend/config.php on line 31
[02-Feb-2026 20:07:53 UTC] PHP Warning:  ini_set(): Session ini settings cannot be changed when a session is active in /home/anderson/Documentos/rd_watch_V2/PROYECTO/backend/config.php on line 32
[02-Feb-2026 20:07:53 UTC] PHP Warning:  ini_set(): Session ini settings cannot be changed when a session is active in /home/anderson/Documentos/rd_watch_V2/PROYECTO/backend/config.php on line 33
[02-Feb-2026 20:07:53 UTC] PHP Warning:  ini_set(): Session ini settings cannot be changed when a session is active in /home/anderson/Documentos/rd_watch_V2/PROYECTO/backend/config.php on line 34
[02-Feb-2026 20:07:53 UTC] PHP Warning:  ini_set(): Session ini settings cannot be changed when a session is active in /home/anderson/Documentos/rd_watch_V2/PROYECTO/backend/config.php on line 29
[02-Feb-2026 20:07:53 UTC] PHP Warning:  ini_set(): Session ini settings cannot be changed when a session is active in /home/anderson/Documentos/rd_watch_V2/PROYECTO/backend/config.php on line 30
[02-Feb-2026 20:07:53 UTC] PHP Warning:  ini_set(): Session ini settings cannot be changed when a session is active in /home/anderson/Documentos/rd_watch_V2/PROYECTO/backend/config.php on line 31
[02-Feb-2026 20:07:53 UTC] PHP Warning:  ini_set(): Session ini settings cannot be changed when a session is active in /home/anderson/Documentos/rd_watch_V2/PROYECTO/backend/config.php on line 32
[02-Feb-2026 20:07:53 UTC] PHP Warning:  ini_set(): Session ini settings cannot be changed when a session is active in /home/anderson/Documentos/rd_watch_V2/PROYECTO/backend/config.php on line 33
[02-Feb-2026 20:07:53 UTC] PHP Warning:  ini_set(): Session ini settings cannot be changed when a session is active in /home/anderson/Documentos/rd_watch_V2/PROYECTO/backend/config.php on line 34
[02-Feb-2026 20:07:53 UTC] PHP Warning:  ini_set(): Session ini settings cannot be changed when a session is active in /home/anderson/Documentos/rd_watch_V2/PROYECTO/backend/config.php on line 29
[02-Feb-2026 20:07:53 UTC] PHP Warning:  ini_set(): Session ini settings cannot be changed when a session is active in /home/anderson/Documentos/rd_watch_V2/PROYECTO/backend/config.php on line 30
[02-Feb-2026 20:07:53 UTC] PHP Warning:  ini_set(): Session ini settings cannot be changed when a session is active in /home/anderson/Documentos/rd_watch_V2/PROYECTO/backend/config.php on line 31
[02-Feb-2026 20:07:53 UTC] PHP Warning:  ini_set(): Session ini settings cannot be changed when a session is active in /home/anderson/Documentos/rd_watch_V2/PROYECTO/backend/config.php on line 32
[02-Feb-2026 20:07:53 UTC] PHP Warning:  ini_set(): Session ini settings cannot be changed when a session is active in /home/anderson/Documentos/rd_watch_V2/PROYECTO/backend/config.php on line 33
[02-Feb-2026 20:07:53 UTC] PHP Warning:  ini_set(): Session ini settings cannot be changed when a session is active in /home/anderson/Documentos/rd_watch_V2/PROYECTO/backend/config.php on line 34
[02-Feb-2026 20:07:53 UTC] PHP Warning:  ini_set(): Session ini settings cannot be changed when a session is active in /home/anderson/Documentos/rd_watch_V2/PROYECTO/backend/config.php on line 29
[02-Feb-2026 20:07:53 UTC] PHP Warning:  ini_set(): Session ini settings cannot be changed when a session is active in /home/anderson/Documentos/rd_watch_V2/PROYECTO/backend/config.php on line 30
[02-Feb-2026 20:07:53 UTC] PHP Warning:  ini_set(): Session ini settings cannot be changed when a session is active in /home/anderson/Documentos/rd_watch_V2/PROYECTO/backend/config.php on line 31
[02-Feb-2026 20:07:53 UTC] PHP Warning:  ini_set(): Session ini settings cannot be changed when a session is active in /home/anderson/Documentos/rd_watch_V2/PROYECTO/backend/config.php on line 32
[02-Feb-2026 20:07:53 UTC] PHP Warning:  ini_set(): Session ini settings cannot be changed when a session is active in /home/anderson/Documentos/rd_watch_V2/PROYECTO/backend/config.php on line 33
[02-Feb-2026 20:07:53 UTC] PHP Warning:  ini_set(): Session ini settings cannot be changed when a session is active in /home/anderson/Documentos/rd_watch_V2/PROYECTO/backend/config.php on line 34
[02-Feb-2026 20:07:53 UTC] PHP Warning:  ini_set(): Session ini settings cannot be changed when a session is active in /home/anderson/Documentos/rd_watch_V2/PROYECTO/backend/config.php on line 29
[02-Feb-2026 20:07:53 UTC] PHP Warning:  ini_set(): Session ini settings cannot be changed when a session is active in /home/anderson/Documentos/rd_watch_V2/PROYECTO/backend/config.php on line 30
[02-Feb-2026 20:07:53 UTC] PHP Warning:  ini_set(): Session ini settings cannot be changed when a session is active in /home/anderson/Documentos/rd_watch_V2/PROYECTO/backend/config.php on line 31
[02-Feb-2026 20:07:53 UTC] PHP Warning:  ini_set(): Session ini settings cannot be changed when a session is active in /home/anderson/Documentos/rd_watch_V2/PROYECTO/backend/config.php on line 32
[02-Feb-2026 20:07:53 UTC] PHP Warning:  ini_set(): Session ini settings cannot be changed when a session is active in /home/anderson/Documentos/rd_watch_V2/PROYECTO/backend/config.php on line 33
[02-Feb-2026 20:07:53 UTC] PHP Warning:  ini_set(): Session ini settings cannot be changed when a session is active in /home/anderson/Documentos/rd_watch_V2/PROYECTO/backend/config.php on line 34
[02-Feb-2026 20:07:53 UTC] PHP Warning:  ini_set(): Session ini settings cannot be changed when a session is active in /home/anderson/Documentos/rd_watch_V2/PROYECTO/backend/config.php on line 29
[02-Feb-2026 20:07:53 UTC] PHP Warning:  ini_set(): Session ini settings cannot be changed when a session is active in /home/anderson/Documentos/rd_watch_V2/PROYECTO/backend/config.php on line 30
[02-Feb-2026 20:07:53 UTC] PHP Warning:  ini_set(): Session ini settings cannot be changed when a session is active in /home/anderson/Documentos/rd_watch_V2/PROYECTO/backend/config.php on line 31
[02-Feb-2026 20:07:53 UTC] PHP Warning:  ini_set(): Session ini settings cannot be changed when a session is active in /home/anderson/Documentos/rd_watch_V2/PROYECTO/backend/config.php on line 32
[02-Feb-2026 20:07:53 UTC] PHP Warning:  ini_set(): Session ini settings cannot be changed when a session is active in /home/anderson/Documentos/rd_watch_V2/PROYECTO/backend/config.php on line 33
[02-Feb-2026 20:07:53 UTC] PHP Warning:  ini_set(): Session ini settings cannot be changed when a session is active in /home/anderson/Documentos/rd_watch_V2/PROYECTO/backend/config.php on line 34
[02-Feb-2026 20:08:04 UTC] PHP Warning:  ini_set(): Session ini settings cannot be changed when a session is active in /home/anderson/Documentos/rd_watch_V2/PROYECTO/backend/config.php on line 29
[02-Feb-2026 20:08:04 UTC] PHP Warning:  ini_set(): Session ini settings cannot be changed when a session is active in /home/anderson/Documentos/rd_watch_V2/PROYECTO/backend/config.php on line 30
[02-Feb-2026 20:08:04 UTC] PHP Warning:  ini_set(): Session ini settings cannot be changed when a session is active in /home/anderson/Documentos/rd_watch_V2/PROYECTO/backend/config.php on line 31
[02-Feb-2026 20:08:04 UTC] PHP Warning:  ini_set(): Session ini settings cannot be changed when a session is active in /home/anderson/Documentos/rd_watch_V2/PROYECTO/backend/config.php on line 32
[02-Feb-2026 20:08:04 UTC] PHP Warning:  ini_set(): Session ini settings cannot be changed when a session is active in /home/anderson/Documentos/rd_watch_V2/PROYECTO/backend/config.php on line 33
[02-Feb-2026 20:08:04 UTC] PHP Warning:  ini_set(): Session ini settings cannot be changed when a session is active in /home/anderson/Documentos/rd_watch_V2/PROYECTO/backend/config.php on line 34
[02-Feb-2026 20:08:04 UTC] PHP Warning:  ini_set(): Session ini settings cannot be changed when a session is active in /home/anderson/Documentos/rd_watch_V2/PROYECTO/backend/config.php on line 29
[02-Feb-2026 20:08:04 UTC] PHP Warning:  ini_set(): Session ini settings cannot be changed when a session is active in /home/anderson/Documentos/rd_watch_V2/PROYECTO/backend/config.php on line 30
[02-Feb-2026 20:08:04 UTC] PHP Warning:  ini_set(): Session ini settings cannot be changed when a session is active in /home/anderson/Documentos/rd_watch_V2/PROYECTO/backend/config.php on line 31
[02-Feb-2026 20:08:04 UTC] PHP Warning:  ini_set(): Session ini settings cannot be changed when a session is active in /home/anderson/Documentos/rd_watch_V2/PROYECTO/backend/config.php on line 32
[02-Feb-2026 20:08:04 UTC] PHP Warning:  ini_set(): Session ini settings cannot be changed when a session is active in /home/anderson/Documentos/rd_watch_V2/PROYECTO/backend/config.php on line 33
[02-Feb-2026 20:08:04 UTC] PHP Warning:  ini_set(): Session ini settings cannot be changed when a session is active in /home/anderson/Documentos/rd_watch_V2/PROYECTO/backend/config.php on line 34
[02-Feb-2026 20:08:04 UTC] PHP Warning:  ini_set(): Session ini settings cannot be changed when a session is active in /home/anderson/Documentos/rd_watch_V2/PROYECTO/backend/config.php on line 29
[02-Feb-2026 20:08:04 UTC] PHP Warning:  ini_set(): Session ini settings cannot be changed when a session is active in /home/anderson/Documentos/rd_watch_V2/PROYECTO/backend/config.php on line 30
[02-Feb-2026 20:08:04 UTC] PHP Warning:  ini_set(): Session ini settings cannot be changed when a session is active in /home/anderson/Documentos/rd_watch_V2/PROYECTO/backend/config.php on line 31
[02-Feb-2026 20:08:04 UTC] PHP Warning:  ini_set(): Session ini settings cannot be changed when a session is active in /home/anderson/Documentos/rd_watch_V2/PROYECTO/backend/config.php on line 32
[02-Feb-2026 20:08:04 UTC] PHP Warning:  ini_set(): Session ini settings cannot be changed when a session is active in /home/anderson/Documentos/rd_watch_V2/PROYECTO/backend/config.php on line 33
[02-Feb-2026 20:08:04 UTC] PHP Warning:  ini_set(): Session ini settings cannot be changed when a session is active in /home/anderson/Documentos/rd_watch_V2/PROYECTO/backend/config.php on line 34
[02-Feb-2026 20:08:04 UTC] PHP Warning:  ini_set(): Session ini settings cannot be changed when a session is active in /home/anderson/Documentos/rd_watch_V2/PROYECTO/backend/config.php on line 29
[02-Feb-2026 20:08:04 UTC] PHP Warning:  ini_set(): Session ini settings cannot be changed when a session is active in /home/anderson/Documentos/rd_watch_V2/PROYECTO/backend/config.php on line 30
[02-Feb-2026 20:08:04 UTC] PHP Warning:  ini_set(): Session ini settings cannot be changed when a session is active in /home/anderson/Documentos/rd_watch_V2/PROYECTO/backend/config.php on line 31
[02-Feb-2026 20:08:04 UTC] PHP Warning:  ini_set(): Session ini settings cannot be changed when a session is active in /home/anderson/Documentos/rd_watch_V2/PROYECTO/backend/config.php on line 32
[02-Feb-2026 20:08:04 UTC] PHP Warning:  ini_set(): Session ini settings cannot be changed when a session is active in /home/anderson/Documentos/rd_watch_V2/PROYECTO/backend/config.php on line 33
[02-Feb-2026 20:08:04 UTC] PHP Warning:  ini_set(): Session ini settings cannot be changed when a session is active in /home/anderson/Documentos/rd_watch_V2/PROYECTO/backend/config.php on line 34
[02-Feb-2026 20:08:12 UTC] PHP Warning:  ini_set(): Session ini settings cannot be changed when a session is active in /home/anderson/Documentos/rd_watch_V2/PROYECTO/backend/config.php on line 29
[02-Feb-2026 20:08:12 UTC] PHP Warning:  ini_set(): Session ini settings cannot be changed when a session is active in /home/anderson/Documentos/rd_watch_V2/PROYECTO/backend/config.php on line 30
[02-Feb-2026 20:08:12 UTC] PHP Warning:  ini_set(): Session ini settings cannot be changed when a session is active in /home/anderson/Documentos/rd_watch_V2/PROYECTO/backend/config.php on line 31
[02-Feb-2026 20:08:12 UTC] PHP Warning:  ini_set(): Session ini settings cannot be changed when a session is active in /home/anderson/Documentos/rd_watch_V2/PROYECTO/backend/config.php on line 32
[02-Feb-2026 20:08:12 UTC] PHP Warning:  ini_set(): Session ini settings cannot be changed when a session is active in /home/anderson/Documentos/rd_watch_V2/PROYECTO/backend/config.php on line 33
[02-Feb-2026 20:08:12 UTC] PHP Warning:  ini_set(): Session ini settings cannot be changed when a session is active in /home/anderson/Documentos/rd_watch_V2/PROYECTO/backend/config.php on line 34
[02-Feb-2026 20:08:12 UTC] PHP Warning:  ini_set(): Session ini settings cannot be changed when a session is active in /home/anderson/Documentos/rd_watch_V2/PROYECTO/backend/config.php on line 29
[02-Feb-2026 20:08:12 UTC] PHP Warning:  ini_set(): Session ini settings cannot be changed when a session is active in /home/anderson/Documentos/rd_watch_V2/PROYECTO/backend/config.php on line 30
[02-Feb-2026 20:08:12 UTC] PHP Warning:  ini_set(): Session ini settings cannot be changed when a session is active in /home/anderson/Documentos/rd_watch_V2/PROYECTO/backend/config.php on line 31
[02-Feb-2026 20:08:12 UTC] PHP Warning:  ini_set(): Session ini settings cannot be changed when a session is active in /home/anderson/Documentos/rd_watch_V2/PROYECTO/backend/config.php on line 32
[02-Feb-2026 20:08:12 UTC] PHP Warning:  ini_set(): Session ini settings cannot be changed when a session is active in /home/anderson/Documentos/rd_watch_V2/PROYECTO/backend/config.php on line 33
[02-Feb-2026 20:08:12 UTC] PHP Warning:  ini_set(): Session ini settings cannot be changed when a session is active in /home/anderson/Documentos/rd_watch_V2/PROYECTO/backend/config.php on line 34
[02-Feb-2026 20:08:12 UTC] PHP Warning:  ini_set(): Session ini settings cannot be changed when a session is active in /home/anderson/Documentos/rd_watch_V2/PROYECTO/backend/config.php on line 29
[02-Feb-2026 20:08:12 UTC] PHP Warning:  ini_set(): Session ini settings cannot be changed when a session is active in /home/anderson/Documentos/rd_watch_V2/PROYECTO/backend/config.php on line 30
[02-Feb-2026 20:08:12 UTC] PHP Warning:  ini_set(): Session ini settings cannot be changed when a session is active in /home/anderson/Documentos/rd_watch_V2/PROYECTO/backend/config.php on line 31
[02-Feb-2026 20:08:12 UTC] PHP Warning:  ini_set(): Session ini settings cannot be changed when a session is active in /home/anderson/Documentos/rd_watch_V2/PROYECTO/backend/config.php on line 32
[02-Feb-2026 20:08:12 UTC] PHP Warning:  ini_set(): Session ini settings cannot be changed when a session is active in /home/anderson/Documentos/rd_watch_V2/PROYECTO/backend/config.php on line 33
[02-Feb-2026 20:08:12 UTC] PHP Warning:  ini_set(): Session ini settings cannot be changed when a session is active in /home/anderson/Documentos/rd_watch_V2/PROYECTO/backend/config.php on line 34
[02-Feb-2026 20:08:12 UTC] PHP Warning:  ini_set(): Session ini settings cannot be changed when a session is active in /home/anderson/Documentos/rd_watch_V2/PROYECTO/backend/config.php on line 29
[02-Feb-2026 20:08:12 UTC] PHP Warning:  ini_set(): Session ini settings cannot be changed when a session is active in /home/anderson/Documentos/rd_watch_V2/PROYECTO/backend/config.php on line 30
[02-Feb-2026 20:08:12 UTC] PHP Warning:  ini_set(): Session ini settings cannot be changed when a session is active in /home/anderson/Documentos/rd_watch_V2/PROYECTO/backend/config.php on line 31
[02-Feb-2026 20:08:12 UTC] PHP Warning:  ini_set(): Session ini settings cannot be changed when a session is active in /home/anderson/Documentos/rd_watch_V2/PROYECTO/backend/config.php on line 32
[02-Feb-2026 20:08:12 UTC] PHP Warning:  ini_set(): Session ini settings cannot be changed when a session is active in /home/anderson/Documentos/rd_watch_V2/PROYECTO/backend/config.php on line 33
[02-Feb-2026 20:08:12 UTC] PHP Warning:  ini_set(): Session ini settings cannot be changed when a session is active in /home/anderson/Documentos/rd_watch_V2/PROYECTO/backend/config.php on line 34
[02-Feb-2026 20:08:18 UTC] PHP Warning:  ini_set(): Session ini settings cannot be changed when a session is active in /home/anderson/Documentos/rd_watch_V2/PROYECTO/backend/config.php on line 29
[02-Feb-2026 20:08:18 UTC] PHP Warning:  ini_set(): Session ini settings cannot be changed when a session is active in /home/anderson/Documentos/rd_watch_V2/PROYECTO/backend/config.php on line 30
[02-Feb-2026 20:08:18 UTC] PHP Warning:  ini_set(): Session ini settings cannot be changed when a session is active in /home/anderson/Documentos/rd_watch_V2/PROYECTO/backend/config.php on line 31
[02-Feb-2026 20:08:18 UTC] PHP Warning:  ini_set(): Session ini settings cannot be changed when a session is active in /home/anderson/Documentos/rd_watch_V2/PROYECTO/backend/config.php on line 32
[02-Feb-2026 20:08:18 UTC] PHP Warning:  ini_set(): Session ini settings cannot be changed when a session is active in /home/anderson/Documentos/rd_watch_V2/PROYECTO/backend/config.php on line 33
[02-Feb-2026 20:08:18 UTC] PHP Warning:  ini_set(): Session ini settings cannot be changed when a session is active in /home/anderson/Documentos/rd_watch_V2/PROYECTO/backend/config.php on line 34
[02-Feb-2026 20:08:18 UTC] PHP Warning:  ini_set(): Session ini settings cannot be changed when a session is active in /home/anderson/Documentos/rd_watch_V2/PROYECTO/backend/config.php on line 29
[02-Feb-2026 20:08:18 UTC] PHP Warning:  ini_set(): Session ini settings cannot be changed when a session is active in /home/anderson/Documentos/rd_watch_V2/PROYECTO/backend/config.php on line 30
[02-Feb-2026 20:08:18 UTC] PHP Warning:  ini_set(): Session ini settings cannot be changed when a session is active in /home/anderson/Documentos/rd_watch_V2/PROYECTO/backend/config.php on line 31
[02-Feb-2026 20:08:18 UTC] PHP Warning:  ini_set(): Session ini settings cannot be changed when a session is active in /home/anderson/Documentos/rd_watch_V2/PROYECTO/backend/config.php on line 32
[02-Feb-2026 20:08:18 UTC] PHP Warning:  ini_set(): Session ini settings cannot be changed when a session is active in /home/anderson/Documentos/rd_watch_V2/PROYECTO/backend/config.php on line 33
[02-Feb-2026 20:08:18 UTC] PHP Warning:  ini_set(): Session ini settings cannot be changed when a session is active in /home/anderson/Documentos/rd_watch_V2/PROYECTO/backend/config.php on line 34
[02-Feb-2026 20:08:18 UTC] PHP Warning:  ini_set(): Session ini settings cannot be changed when a session is active in /home/anderson/Documentos/rd_watch_V2/PROYECTO/backend/config.php on line 29
[02-Feb-2026 20:08:18 UTC] PHP Warning:  ini_set(): Session ini settings cannot be changed when a session is active in /home/anderson/Documentos/rd_watch_V2/PROYECTO/backend/config.php on line 30
[02-Feb-2026 20:08:18 UTC] PHP Warning:  ini_set(): Session ini settings cannot be changed when a session is active in /home/anderson/Documentos/rd_watch_V2/PROYECTO/backend/config.php on line 31
[02-Feb-2026 20:08:18 UTC] PHP Warning:  ini_set(): Session ini settings cannot be changed when a session is active in /home/anderson/Documentos/rd_watch_V2/PROYECTO/backend/config.php on line 32
[02-Feb-2026 20:08:18 UTC] PHP Warning:  ini_set(): Session ini settings cannot be changed when a session is active in /home/anderson/Documentos/rd_watch_V2/PROYECTO/backend/config.php on line 33
[02-Feb-2026 20:08:18 UTC] PHP Warning:  ini_set(): Session ini settings cannot be changed when a session is active in /home/anderson/Documentos/rd_watch_V2/PROYECTO/backend/config.php on line 34
[02-Feb-2026 20:08:18 UTC] PHP Warning:  ini_set(): Session ini settings cannot be changed when a session is active in /home/anderson/Documentos/rd_watch_V2/PROYECTO/backend/config.php on line 29
[02-Feb-2026 20:08:18 UTC] PHP Warning:  ini_set(): Session ini settings cannot be changed when a session is active in /home/anderson/Documentos/rd_watch_V2/PROYECTO/backend/config.php on line 30
[02-Feb-2026 20:08:18 UTC] PHP Warning:  ini_set(): Session ini settings cannot be changed when a session is active in /home/anderson/Documentos/rd_watch_V2/PROYECTO/backend/config.php on line 31
[02-Feb-2026 20:08:18 UTC] PHP Warning:  ini_set(): Session ini settings cannot be changed when a session is active in /home/anderson/Documentos/rd_watch_V2/PROYECTO/backend/config.php on line 32
[02-Feb-2026 20:08:18 UTC] PHP Warning:  ini_set(): Session ini settings cannot be changed when a session is active in /home/anderson/Documentos/rd_watch_V2/PROYECTO/backend/config.php on line 33
[02-Feb-2026 20:08:18 UTC] PHP Warning:  ini_set(): Session ini settings cannot be changed when a session is active in /home/anderson/Documentos/rd_watch_V2/PROYECTO/backend/config.php on line 34
[02-Feb-2026 20:08:23 UTC] PHP Warning:  ini_set(): Session ini settings cannot be changed when a session is active in /home/anderson/Documentos/rd_watch_V2/PROYECTO/backend/config.php on line 29
[02-Feb-2026 20:08:23 UTC] PHP Warning:  ini_set(): Session ini settings cannot be changed when a session is active in /home/anderson/Documentos/rd_watch_V2/PROYECTO/backend/config.php on line 30
[02-Feb-2026 20:08:23 UTC] PHP Warning:  ini_set(): Session ini settings cannot be changed when a session is active in /home/anderson/Documentos/rd_watch_V2/PROYECTO/backend/config.php on line 31
[02-Feb-2026 20:08:23 UTC] PHP Warning:  ini_set(): Session ini settings cannot be changed when a session is active in /home/anderson/Documentos/rd_watch_V2/PROYECTO/backend/config.php on line 32
[02-Feb-2026 20:08:23 UTC] PHP Warning:  ini_set(): Session ini settings cannot be changed when a session is active in /home/anderson/Documentos/rd_watch_V2/PROYECTO/backend/config.php on line 33
[02-Feb-2026 20:08:23 UTC] PHP Warning:  ini_set(): Session ini settings cannot be changed when a session is active in /home/anderson/Documentos/rd_watch_V2/PROYECTO/backend/config.php on line 34
[02-Feb-2026 20:08:23 UTC] PHP Warning:  ini_set(): Session ini settings cannot be changed when a session is active in /home/anderson/Documentos/rd_watch_V2/PROYECTO/backend/config.php on line 29
[02-Feb-2026 20:08:23 UTC] PHP Warning:  ini_set(): Session ini settings cannot be changed when a session is active in /home/anderson/Documentos/rd_watch_V2/PROYECTO/backend/config.php on line 30
[02-Feb-2026 20:08:23 UTC] PHP Warning:  ini_set(): Session ini settings cannot be changed when a session is active in /home/anderson/Documentos/rd_watch_V2/PROYECTO/backend/config.php on line 31
[02-Feb-2026 20:08:23 UTC] PHP Warning:  ini_set(): Session ini settings cannot be changed when a session is active in /home/anderson/Documentos/rd_watch_V2/PROYECTO/backend/config.php on line 32
[02-Feb-2026 20:08:23 UTC] PHP Warning:  ini_set(): Session ini settings cannot be changed when a session is active in /home/anderson/Documentos/rd_watch_V2/PROYECTO/backend/config.php on line 33
[02-Feb-2026 20:08:23 UTC] PHP Warning:  ini_set(): Session ini settings cannot be changed when a session is active in /home/anderson/Documentos/rd_watch_V2/PROYECTO/backend/config.php on line 34
[02-Feb-2026 20:08:34 UTC] PHP Warning:  ini_set(): Session ini settings cannot be changed when a session is active in /home/anderson/Documentos/rd_watch_V2/PROYECTO/backend/config.php on line 29
[02-Feb-2026 20:08:34 UTC] PHP Warning:  ini_set(): Session ini settings cannot be changed when a session is active in /home/anderson/Documentos/rd_watch_V2/PROYECTO/backend/config.php on line 30
[02-Feb-2026 20:08:34 UTC] PHP Warning:  ini_set(): Session ini settings cannot be changed when a session is active in /home/anderson/Documentos/rd_watch_V2/PROYECTO/backend/config.php on line 31
[02-Feb-2026 20:08:34 UTC] PHP Warning:  ini_set(): Session ini settings cannot be changed when a session is active in /home/anderson/Documentos/rd_watch_V2/PROYECTO/backend/config.php on line 32
[02-Feb-2026 20:08:34 UTC] PHP Warning:  ini_set(): Session ini settings cannot be changed when a session is active in /home/anderson/Documentos/rd_watch_V2/PROYECTO/backend/config.php on line 33
[02-Feb-2026 20:08:34 UTC] PHP Warning:  ini_set(): Session ini settings cannot be changed when a session is active in /home/anderson/Documentos/rd_watch_V2/PROYECTO/backend/config.php on line 34
[02-Feb-2026 20:09:00 UTC] PHP Warning:  ini_set(): Session ini settings cannot be changed when a session is active in /home/anderson/Documentos/rd_watch_V2/PROYECTO/backend/config.php on line 29
[02-Feb-2026 20:09:00 UTC] PHP Warning:  ini_set(): Session ini settings cannot be changed when a session is active in /home/anderson/Documentos/rd_watch_V2/PROYECTO/backend/config.php on line 30
[02-Feb-2026 20:09:00 UTC] PHP Warning:  ini_set(): Session ini settings cannot be changed when a session is active in /home/anderson/Documentos/rd_watch_V2/PROYECTO/backend/config.php on line 31
[02-Feb-2026 20:09:00 UTC] PHP Warning:  ini_set(): Session ini settings cannot be changed when a session is active in /home/anderson/Documentos/rd_watch_V2/PROYECTO/backend/config.php on line 32
[02-Feb-2026 20:09:00 UTC] PHP Warning:  ini_set(): Session ini settings cannot be changed when a session is active in /home/anderson/Documentos/rd_watch_V2/PROYECTO/backend/config.php on line 33
[02-Feb-2026 20:09:00 UTC] PHP Warning:  ini_set(): Session ini settings cannot be changed when a session is active in /home/anderson/Documentos/rd_watch_V2/PROYECTO/backend/config.php on line 34
[02-Feb-2026 20:09:00 UTC] PHP Warning:  ini_set(): Session ini settings cannot be changed when a session is active in /home/anderson/Documentos/rd_watch_V2/PROYECTO/backend/config.php on line 29
[02-Feb-2026 20:09:00 UTC] PHP Warning:  ini_set(): Session ini settings cannot be changed when a session is active in /home/anderson/Documentos/rd_watch_V2/PROYECTO/backend/config.php on line 30
[02-Feb-2026 20:09:00 UTC] PHP Warning:  ini_set(): Session ini settings cannot be changed when a session is active in /home/anderson/Documentos/rd_watch_V2/PROYECTO/backend/config.php on line 31
[02-Feb-2026 20:09:00 UTC] PHP Warning:  ini_set(): Session ini settings cannot be changed when a session is active in /home/anderson/Documentos/rd_watch_V2/PROYECTO/backend/config.php on line 32
[02-Feb-2026 20:09:00 UTC] PHP Warning:  ini_set(): Session ini settings cannot be changed when a session is active in /home/anderson/Documentos/rd_watch_V2/PROYECTO/backend/config.php on line 33
[02-Feb-2026 20:09:00 UTC] PHP Warning:  ini_set(): Session ini settings cannot be changed when a session is active in /home/anderson/Documentos/rd_watch_V2/PROYECTO/backend/config.php on line 34
[02-Feb-2026 20:09:00 UTC] PHP Warning:  ini_set(): Session ini settings cannot be changed when a session is active in /home/anderson/Documentos/rd_watch_V2/PROYECTO/backend/config.php on line 29
[02-Feb-2026 20:09:00 UTC] PHP Warning:  ini_set(): Session ini settings cannot be changed when a session is active in /home/anderson/Documentos/rd_watch_V2/PROYECTO/backend/config.php on line 30
[02-Feb-2026 20:09:00 UTC] PHP Warning:  ini_set(): Session ini settings cannot be changed when a session is active in /home/anderson/Documentos/rd_watch_V2/PROYECTO/backend/config.php on line 31
[02-Feb-2026 20:09:00 UTC] PHP Warning:  ini_set(): Session ini settings cannot be changed when a session is active in /home/anderson/Documentos/rd_watch_V2/PROYECTO/backend/config.php on line 32
[02-Feb-2026 20:09:00 UTC] PHP Warning:  ini_set(): Session ini settings cannot be changed when a session is active in /home/anderson/Documentos/rd_watch_V2/PROYECTO/backend/config.php on line 33
[02-Feb-2026 20:09:00 UTC] PHP Warning:  ini_set(): Session ini settings cannot be changed when a session is active in /home/anderson/Documentos/rd_watch_V2/PROYECTO/backend/config.php on line 34
[02-Feb-2026 20:09:00 UTC] PHP Warning:  ini_set(): Session ini settings cannot be changed when a session is active in /home/anderson/Documentos/rd_watch_V2/PROYECTO/backend/config.php on line 29
[02-Feb-2026 20:09:00 UTC] PHP Warning:  ini_set(): Session ini settings cannot be changed when a session is active in /home/anderson/Documentos/rd_watch_V2/PROYECTO/backend/config.php on line 30
[02-Feb-2026 20:09:00 UTC] PHP Warning:  ini_set(): Session ini settings cannot be changed when a session is active in /home/anderson/Documentos/rd_watch_V2/PROYECTO/backend/config.php on line 31
[02-Feb-2026 20:09:00 UTC] PHP Warning:  ini_set(): Session ini settings cannot be changed when a session is active in /home/anderson/Documentos/rd_watch_V2/PROYECTO/backend/config.php on line 32
[02-Feb-2026 20:09:00 UTC] PHP Warning:  ini_set(): Session ini settings cannot be changed when a session is active in /home/anderson/Documentos/rd_watch_V2/PROYECTO/backend/config.php on line 33
[02-Feb-2026 20:09:00 UTC] PHP Warning:  ini_set(): Session ini settings cannot be changed when a session is active in /home/anderson/Documentos/rd_watch_V2/PROYECTO/backend/config.php on line 34
[02-Feb-2026 20:09:00 UTC] PHP Warning:  ini_set(): Session ini settings cannot be changed when a session is active in /home/anderson/Documentos/rd_watch_V2/PROYECTO/backend/config.php on line 29
[02-Feb-2026 20:09:00 UTC] PHP Warning:  ini_set(): Session ini settings cannot be changed when a session is active in /home/anderson/Documentos/rd_watch_V2/PROYECTO/backend/config.php on line 30
[02-Feb-2026 20:09:00 UTC] PHP Warning:  ini_set(): Session ini settings cannot be changed when a session is active in /home/anderson/Documentos/rd_watch_V2/PROYECTO/backend/config.php on line 31
[02-Feb-2026 20:09:00 UTC] PHP Warning:  ini_set(): Session ini settings cannot be changed when a session is active in /home/anderson/Documentos/rd_watch_V2/PROYECTO/backend/config.php on line 32
[02-Feb-2026 20:09:00 UTC] PHP Warning:  ini_set(): Session ini settings cannot be changed when a session is active in /home/anderson/Documentos/rd_watch_V2/PROYECTO/backend/config.php on line 33
[02-Feb-2026 20:09:00 UTC] PHP Warning:  ini_set(): Session ini settings cannot be changed when a session is active in /home/anderson/Documentos/rd_watch_V2/PROYECTO/backend/config.php on line 34
[02-Feb-2026 20:09:00 UTC] PHP Warning:  ini_set(): Session ini settings cannot be changed when a session is active in /home/anderson/Documentos/rd_watch_V2/PROYECTO/backend/config.php on line 29
[02-Feb-2026 20:09:00 UTC] PHP Warning:  ini_set(): Session ini settings cannot be changed when a session is active in /home/anderson/Documentos/rd_watch_V2/PROYECTO/backend/config.php on line 30
[02-Feb-2026 20:09:00 UTC] PHP Warning:  ini_set(): Session ini settings cannot be changed when a session is active in /home/anderson/Documentos/rd_watch_V2/PROYECTO/backend/config.php on line 31
[02-Feb-2026 20:09:00 UTC] PHP Warning:  ini_set(): Session ini settings cannot be changed when a session is active in /home/anderson/Documentos/rd_watch_V2/PROYECTO/backend/config.php on line 32
[02-Feb-2026 20:09:00 UTC] PHP Warning:  ini_set(): Session ini settings cannot be changed when a session is active in /home/anderson/Documentos/rd_watch_V2/PROYECTO/backend/config.php on line 33
[02-Feb-2026 20:09:00 UTC] PHP Warning:  ini_set(): Session ini settings cannot be changed when a session is active in /home/anderson/Documentos/rd_watch_V2/PROYECTO/backend/config.php on line 34
[02-Feb-2026 20:09:15 UTC] Attempting login for email: 'cliente@rdwatch.com'
[02-Feb-2026 20:09:15 UTC] DB Return: {"status":"SUCCESS","message":"Usuario encontrado","ret_id_usuario":2,"ret_nombre":"Cliente Prueba","ret_email":"cliente@rdwatch.com","ret_telefono":3001234567,"ret_direccion":"Carrera 10 #20-30","ret_token":"$2y$10$PVGmZiyFDvy5KuRJK2U.DO\/EcHGVpy8c5ZReY35Y3kJODUkiv63Qy"}
[02-Feb-2026 20:09:15 UTC] Login exitoso - Usuario ID: 2
[02-Feb-2026 20:09:17 UTC] PHP Warning:  ini_set(): Session ini settings cannot be changed when a session is active in /home/anderson/Documentos/rd_watch_V2/PROYECTO/backend/config.php on line 29
[02-Feb-2026 20:09:17 UTC] PHP Warning:  ini_set(): Session ini settings cannot be changed when a session is active in /home/anderson/Documentos/rd_watch_V2/PROYECTO/backend/config.php on line 30
[02-Feb-2026 20:09:17 UTC] PHP Warning:  ini_set(): Session ini settings cannot be changed when a session is active in /home/anderson/Documentos/rd_watch_V2/PROYECTO/backend/config.php on line 31
[02-Feb-2026 20:09:17 UTC] PHP Warning:  ini_set(): Session ini settings cannot be changed when a session is active in /home/anderson/Documentos/rd_watch_V2/PROYECTO/backend/config.php on line 32
[02-Feb-2026 20:09:17 UTC] PHP Warning:  ini_set(): Session ini settings cannot be changed when a session is active in /home/anderson/Documentos/rd_watch_V2/PROYECTO/backend/config.php on line 33
[02-Feb-2026 20:09:17 UTC] PHP Warning:  ini_set(): Session ini settings cannot be changed when a session is active in /home/anderson/Documentos/rd_watch_V2/PROYECTO/backend/config.php on line 34
[02-Feb-2026 20:09:17 UTC] PHP Warning:  ini_set(): Session ini settings cannot be changed when a session is active in /home/anderson/Documentos/rd_watch_V2/PROYECTO/backend/config.php on line 29
[02-Feb-2026 20:09:17 UTC] PHP Warning:  ini_set(): Session ini settings cannot be changed when a session is active in /home/anderson/Documentos/rd_watch_V2/PROYECTO/backend/config.php on line 30
[02-Feb-2026 20:09:17 UTC] PHP Warning:  ini_set(): Session ini settings cannot be changed when a session is active in /home/anderson/Documentos/rd_watch_V2/PROYECTO/backend/config.php on line 31
[02-Feb-2026 20:09:17 UTC] PHP Warning:  ini_set(): Session ini settings cannot be changed when a session is active in /home/anderson/Documentos/rd_watch_V2/PROYECTO/backend/config.php on line 32
[02-Feb-2026 20:09:17 UTC] PHP Warning:  ini_set(): Session ini settings cannot be changed when a session is active in /home/anderson/Documentos/rd_watch_V2/PROYECTO/backend/config.php on line 33
[02-Feb-2026 20:09:17 UTC] PHP Warning:  ini_set(): Session ini settings cannot be changed when a session is active in /home/anderson/Documentos/rd_watch_V2/PROYECTO/backend/config.php on line 34
[02-Feb-2026 20:09:17 UTC] PHP Warning:  ini_set(): Session ini settings cannot be changed when a session is active in /home/anderson/Documentos/rd_watch_V2/PROYECTO/backend/config.php on line 29
[02-Feb-2026 20:09:17 UTC] PHP Warning:  ini_set(): Session ini settings cannot be changed when a session is active in /home/anderson/Documentos/rd_watch_V2/PROYECTO/backend/config.php on line 30
[02-Feb-2026 20:09:17 UTC] PHP Warning:  ini_set(): Session ini settings cannot be changed when a session is active in /home/anderson/Documentos/rd_watch_V2/PROYECTO/backend/config.php on line 31
[02-Feb-2026 20:09:17 UTC] PHP Warning:  ini_set(): Session ini settings cannot be changed when a session is active in /home/anderson/Documentos/rd_watch_V2/PROYECTO/backend/config.php on line 32
[02-Feb-2026 20:09:17 UTC] PHP Warning:  ini_set(): Session ini settings cannot be changed when a session is active in /home/anderson/Documentos/rd_watch_V2/PROYECTO/backend/config.php on line 33
[02-Feb-2026 20:09:17 UTC] PHP Warning:  ini_set(): Session ini settings cannot be changed when a session is active in /home/anderson/Documentos/rd_watch_V2/PROYECTO/backend/config.php on line 34
[02-Feb-2026 20:09:17 UTC] PHP Warning:  ini_set(): Session ini settings cannot be changed when a session is active in /home/anderson/Documentos/rd_watch_V2/PROYECTO/backend/config.php on line 29
[02-Feb-2026 20:09:17 UTC] PHP Warning:  ini_set(): Session ini settings cannot be changed when a session is active in /home/anderson/Documentos/rd_watch_V2/PROYECTO/backend/config.php on line 30
[02-Feb-2026 20:09:17 UTC] PHP Warning:  ini_set(): Session ini settings cannot be changed when a session is active in /home/anderson/Documentos/rd_watch_V2/PROYECTO/backend/config.php on line 31
[02-Feb-2026 20:09:17 UTC] PHP Warning:  ini_set(): Session ini settings cannot be changed when a session is active in /home/anderson/Documentos/rd_watch_V2/PROYECTO/backend/config.php on line 32
[02-Feb-2026 20:09:17 UTC] PHP Warning:  ini_set(): Session ini settings cannot be changed when a session is active in /home/anderson/Documentos/rd_watch_V2/PROYECTO/backend/config.php on line 33
[02-Feb-2026 20:09:17 UTC] PHP Warning:  ini_set(): Session ini settings cannot be changed when a session is active in /home/anderson/Documentos/rd_watch_V2/PROYECTO/backend/config.php on line 34
[02-Feb-2026 20:09:17 UTC] PHP Warning:  ini_set(): Session ini settings cannot be changed when a session is active in /home/anderson/Documentos/rd_watch_V2/PROYECTO/backend/config.php on line 29
[02-Feb-2026 20:09:17 UTC] PHP Warning:  ini_set(): Session ini settings cannot be changed when a session is active in /home/anderson/Documentos/rd_watch_V2/PROYECTO/backend/config.php on line 30
[02-Feb-2026 20:09:17 UTC] PHP Warning:  ini_set(): Session ini settings cannot be changed when a session is active in /home/anderson/Documentos/rd_watch_V2/PROYECTO/backend/config.php on line 31
[02-Feb-2026 20:09:17 UTC] PHP Warning:  ini_set(): Session ini settings cannot be changed when a session is active in /home/anderson/Documentos/rd_watch_V2/PROYECTO/backend/config.php on line 32
[02-Feb-2026 20:09:17 UTC] PHP Warning:  ini_set(): Session ini settings cannot be changed when a session is active in /home/anderson/Documentos/rd_watch_V2/PROYECTO/backend/config.php on line 33
[02-Feb-2026 20:09:17 UTC] PHP Warning:  ini_set(): Session ini settings cannot be changed when a session is active in /home/anderson/Documentos/rd_watch_V2/PROYECTO/backend/config.php on line 34
[02-Feb-2026 20:09:17 UTC] PHP Warning:  ini_set(): Session ini settings cannot be changed when a session is active in /home/anderson/Documentos/rd_watch_V2/PROYECTO/backend/config.php on line 29
[02-Feb-2026 20:09:17 UTC] PHP Warning:  ini_set(): Session ini settings cannot be changed when a session is active in /home/anderson/Documentos/rd_watch_V2/PROYECTO/backend/config.php on line 30
[02-Feb-2026 20:09:17 UTC] PHP Warning:  ini_set(): Session ini settings cannot be changed when a session is active in /home/anderson/Documentos/rd_watch_V2/PROYECTO/backend/config.php on line 31
[02-Feb-2026 20:09:17 UTC] PHP Warning:  ini_set(): Session ini settings cannot be changed when a session is active in /home/anderson/Documentos/rd_watch_V2/PROYECTO/backend/config.php on line 32
[02-Feb-2026 20:09:17 UTC] PHP Warning:  ini_set(): Session ini settings cannot be changed when a session is active in /home/anderson/Documentos/rd_watch_V2/PROYECTO/backend/config.php on line 33
[02-Feb-2026 20:09:17 UTC] PHP Warning:  ini_set(): Session ini settings cannot be changed when a session is active in /home/anderson/Documentos/rd_watch_V2/PROYECTO/backend/config.php on line 34
